[      86ms] [ERROR] ReferenceError: Cannot access 'f' before initialization
    at http://localhost:18080/assets/index-BqGGoxm2.js:10:90769
    at Array.find (<anonymous>)
    at ca (http://localhost:18080/assets/index-BqGGoxm2.js:10:90751)
    at No (http://localhost:18080/assets/index-BqGGoxm2.js:6:16874)
    at Us (http://localhost:18080/assets/index-BqGGoxm2.js:8:3135)
    at Ul (http://localhost:18080/assets/index-BqGGoxm2.js:8:44384)
    at Nl (http://localhost:18080/assets/index-BqGGoxm2.js:8:39415)
    at jl (http://localhost:18080/assets/index-BqGGoxm2.js:8:39346)
    at Al (http://localhost:18080/assets/index-BqGGoxm2.js:8:39205)
    at vl (http://localhost:18080/assets/index-BqGGoxm2.js:8:35631) @ http://localhost:18080/assets/index-BqGGoxm2.js:7
[      87ms] ReferenceError: Cannot access 'f' before initialization
    at http://localhost:18080/assets/index-BqGGoxm2.js:10:90769
    at Array.find (<anonymous>)
    at ca (http://localhost:18080/assets/index-BqGGoxm2.js:10:90751)
    at No (http://localhost:18080/assets/index-BqGGoxm2.js:6:16874)
    at Us (http://localhost:18080/assets/index-BqGGoxm2.js:8:3135)
    at Ul (http://localhost:18080/assets/index-BqGGoxm2.js:8:44384)
    at Nl (http://localhost:18080/assets/index-BqGGoxm2.js:8:39415)
    at jl (http://localhost:18080/assets/index-BqGGoxm2.js:8:39346)
    at Al (http://localhost:18080/assets/index-BqGGoxm2.js:8:39205)
    at vl (http://localhost:18080/assets/index-BqGGoxm2.js:8:35631)
